﻿[dotenv@17.3.1] injecting env (2) from .env -- tip: ΓÜÖ∩╕Å  specify custom .env file path with { path: '/custom/path/.env' }
node : Error: GoogleGen
erativeAIFetchError: 
[GoogleGenerativeAI 
Error]: Error fetching 
from https://generative
language.googleapis.com
/v1beta/models/gemini-p
ro:generateContent: 
[404 Not Found] 
models/gemini-pro is 
not found for API 
version v1beta, or is 
not supported for 
generateContent. Call 
ListModels to see the 
list of available 
models and their 
supported methods.
At line:1 char:1
+ node test_gemini.js 
> test_output.txt 2>&1
+ ~~~~~~~~~~~~~~~~~~~~~
~~~~~~~~~~~~~~~~~~~~~
    + CategoryInfo     
         : NotSpecifi  
  ed: (Error: Google   
 Ge...ported method    
s.:String) [], Rem    
oteException
    + FullyQualifiedEr 
   rorId : NativeComm  
  andError
 
    at 
handleResponseNotOk (C:
\Users\Harikrishanan\Do
wnloads\NUTRIMIND AI\ba
ckend\node_modules\@goo
gle\generative-ai\dist\
index.js:434:11)
    at process.processT
icksAndRejections (node
:internal/process/task_
queues:104:5)
    at async 
makeRequest (C:\Users\H
arikrishanan\Downloads\
NUTRIMIND AI\backend\no
de_modules\@google\gene
rative-ai\dist\index.js
:403:9)
    at async 
generateContent (C:\Use
rs\Harikrishanan\Downlo
ads\NUTRIMIND AI\backen
d\node_modules\@google\
generative-ai\dist\inde
x.js:867:22)
    at async test (C:\U
sers\Harikrishanan\Down
loads\NUTRIMIND AI\back
end\test_gemini.js:8:20
) {
  status: 404,
  statusText: 'Not 
Found',
  errorDetails: 
undefined
}
